/home/hpc/mrrr/mrrr107v/.bashrc: line 1: activate: No such file or directory
/home/hpc/mrrr/mrrr107v/.bashrc: line 2: activate: No such file or directory

A module that was compiled using NumPy 1.x cannot be run in
NumPy 2.0.2 as it may crash. To support both 1.x and 2.x
versions of NumPy, modules must be compiled with NumPy 2.0.
Some module may need to rebuild instead e.g. with 'pybind11>=2.12'.

If you are a user of the module, the easiest solution will be to
downgrade to 'numpy<2' or try to upgrade the affected module.
We expect that some modules will need time to support NumPy 2.

Traceback (most recent call last):  File "/home/woody/mrrr/mrrr107v/EFormer-Reproduction/src/train.py", line 2, in <module>
    import torchvision.transforms as transforms
  File "/home/woody/mrrr/mrrr107v/software/private/conda/envs/eformer_env/lib/python3.9/site-packages/torchvision/__init__.py", line 6, in <module>
    from torchvision import datasets, io, models, ops, transforms, utils
  File "/home/woody/mrrr/mrrr107v/software/private/conda/envs/eformer_env/lib/python3.9/site-packages/torchvision/models/__init__.py", line 17, in <module>
    from . import detection, optical_flow, quantization, segmentation, video
  File "/home/woody/mrrr/mrrr107v/software/private/conda/envs/eformer_env/lib/python3.9/site-packages/torchvision/models/detection/__init__.py", line 1, in <module>
    from .faster_rcnn import *
  File "/home/woody/mrrr/mrrr107v/software/private/conda/envs/eformer_env/lib/python3.9/site-packages/torchvision/models/detection/faster_rcnn.py", line 16, in <module>
    from .anchor_utils import AnchorGenerator
  File "/home/woody/mrrr/mrrr107v/software/private/conda/envs/eformer_env/lib/python3.9/site-packages/torchvision/models/detection/anchor_utils.py", line 10, in <module>
    class AnchorGenerator(nn.Module):
  File "/home/woody/mrrr/mrrr107v/software/private/conda/envs/eformer_env/lib/python3.9/site-packages/torchvision/models/detection/anchor_utils.py", line 63, in AnchorGenerator
    device: torch.device = torch.device("cpu"),
/home/woody/mrrr/mrrr107v/software/private/conda/envs/eformer_env/lib/python3.9/site-packages/torchvision/models/detection/anchor_utils.py:63: UserWarning: Failed to initialize NumPy: _ARRAY_API not found (Triggered internally at ../torch/csrc/utils/tensor_numpy.cpp:84.)
  device: torch.device = torch.device("cpu"),
Traceback (most recent call last):
  File "/home/woody/mrrr/mrrr107v/EFormer-Reproduction/src/train.py", line 26, in <module>
    train_dataset = EFormerDataset(root_dir=data_root+'/train',
  File "/home/woody/mrrr/mrrr107v/EFormer-Reproduction/src/data/dataset.py", line 19, in __init__
    com_files = set(os.listdir(self.com_dir))
FileNotFoundError: [Errno 2] No such file or directory: '$TMPDIR/composite_dataset/train/composites'
srun: error: tg086: task 0: Exited with exit code 1
srun: Terminating StepId=1036913.0
