### Starting TaskPrologue of job 1036912 on tg086 at Wed 16 Apr 2025 11:15:04 PM CEST
Running on cores 0-1,16-17,32-33,48-49 with governor ondemand
Wed Apr 16 23:15:04 2025       
+-----------------------------------------------------------------------------------------+
| NVIDIA-SMI 570.124.06             Driver Version: 570.124.06     CUDA Version: 12.8     |
|-----------------------------------------+------------------------+----------------------+
| GPU  Name                 Persistence-M | Bus-Id          Disp.A | Volatile Uncorr. ECC |
| Fan  Temp   Perf          Pwr:Usage/Cap |           Memory-Usage | GPU-Util  Compute M. |
|                                         |                        |               MIG M. |
|=========================================+========================+======================|
|   0  NVIDIA GeForce RTX 3080        On  |   00000000:1A:00.0 Off |                  N/A |
| 30%   43C    P8             17W /  300W |       2MiB /  10240MiB |      0%      Default |
|                                         |                        |                  N/A |
+-----------------------------------------+------------------------+----------------------+
                                                                                         
+-----------------------------------------------------------------------------------------+
| Processes:                                                                              |
|  GPU   GI   CI              PID   Type   Process name                        GPU Memory |
|        ID   ID                                                               Usage      |
|=========================================================================================|
|  No running processes found                                                             |
+-----------------------------------------------------------------------------------------+
### Finished TaskPrologue

[Wed 16 Apr 2025 11:15:04 PM CEST] Job started on node: tg086
[Wed 16 Apr 2025 11:15:04 PM CEST] SLURM job ID: 1036912
[Wed 16 Apr 2025 11:15:04 PM CEST] Checking environment setup...
Loading Python and CUDA modules...
Activating Conda environment...
[Wed 16 Apr 2025 11:15:06 PM CEST] Copying dataset to TMPDIR: /tmp/1036912.tinygpu
[Wed 16 Apr 2025 11:16:18 PM CEST] Changing to project dir: /home/woody/mrrr/mrrr107v/EFormer-Reproduction
[Wed 16 Apr 2025 11:16:18 PM CEST] Running a dry Python command to test setup...
Python environment is working
[Wed 16 Apr 2025 11:16:18 PM CEST] All checks passed. Ready to run training script.
=== JOB_STATISTICS ===
=== current date     : Wed 16 Apr 2025 11:16:18 PM CEST
= Job-ID             : 1036912 on tinygpu
= Job-Name           : eformer_debug
= Job-Command        : /home/woody/mrrr/mrrr107v/debug.slurm
= Initial workdir    : /home/woody/mrrr/mrrr107v
= Queue/Partition    : rtx3080
= Slurm account      : mrrr with QOS=normal
= Requested resources:  for 00:10:00
= Elapsed runtime    : 00:01:16
= Total RAM usage    : 0.0 GiB of requested  GiB (%)   
= Node list          : tg086
= Subm/Elig/Start/End: 2025-04-16T23:13:57 / 2025-04-16T23:13:57 / 2025-04-16T23:15:02 / 2025-04-16T23:16:18
======================
=== Quota infos ======
    Path              Used     SoftQ    HardQ    Gracetime  Filec    FileQ    FiHaQ    FileGrace    
    /home/hpc         4646.8M   104.9G   209.7G        N/A     229      500K   1,000K        N/A    
    /home/woody         21.9G  1000.0G  1500.0G        N/A     114K   5,000K   7,500K        N/A    
======================
=== GPU utilization ==
gpu_name, gpu_bus_id, pid, gpu_utilization [%], mem_utilization [%], max_memory_usage [MiB], time [ms]
